
===========================================================================
report_checks -unconstrained
===========================================================================
======================= Typical Corner ===================================

Startpoint: _3536_ (rising edge-triggered flip-flop clocked by clk)
Endpoint: _3577_ (rising edge-triggered flip-flop clocked by clk)
Path Group: clk
Path Type: max

Fanout     Cap    Slew   Delay    Time   Description
-----------------------------------------------------------------------------
                  0.15    0.00    0.00   clock clk (rise edge)
                          0.00    0.00   clock network delay (ideal)
                  0.15    0.00    0.00 ^ _3536_/CLK (sky130_fd_sc_hd__dfrtp_2)
     6    0.02    0.09    0.48    0.48 v _3536_/Q (sky130_fd_sc_hd__dfrtp_2)
                                         u_piso.data_serial_o[1] (net)
                  0.09    0.00    0.48 v _2449_/A (sky130_fd_sc_hd__xor2_2)
     4    0.01    0.07    0.20    0.68 v _2449_/X (sky130_fd_sc_hd__xor2_2)
                                         _0879_ (net)
                  0.07    0.00    0.68 v _2459_/A (sky130_fd_sc_hd__buf_1)
    10    0.03    0.18    0.22    0.90 v _2459_/X (sky130_fd_sc_hd__buf_1)
                                         _0889_ (net)
                  0.18    0.00    0.90 v _2460_/A (sky130_fd_sc_hd__or2b_2)
     3    0.01    0.08    0.38    1.28 v _2460_/X (sky130_fd_sc_hd__or2b_2)
                                         _0890_ (net)
                  0.08    0.00    1.28 v _2463_/A1 (sky130_fd_sc_hd__o21ai_2)
     7    0.04    0.44    0.40    1.68 ^ _2463_/Y (sky130_fd_sc_hd__o21ai_2)
                                         _0893_ (net)
                  0.44    0.00    1.68 ^ _2481_/C (sky130_fd_sc_hd__nand3_2)
     4    0.01    0.17    0.16    1.84 v _2481_/Y (sky130_fd_sc_hd__nand3_2)
                                         _0911_ (net)
                  0.17    0.00    1.84 v _2485_/A1 (sky130_fd_sc_hd__a211o_2)
     1    0.00    0.05    0.33    2.17 v _2485_/X (sky130_fd_sc_hd__a211o_2)
                                         _0915_ (net)
                  0.05    0.00    2.17 v _2495_/A2 (sky130_fd_sc_hd__a311o_2)
     1    0.01    0.06    0.37    2.54 v _2495_/X (sky130_fd_sc_hd__a311o_2)
                                         _0925_ (net)
                  0.06    0.00    2.54 v _2508_/A1 (sky130_fd_sc_hd__a221o_2)
     1    0.00    0.05    0.35    2.89 v _2508_/X (sky130_fd_sc_hd__a221o_2)
                                         _0938_ (net)
                  0.05    0.00    2.89 v _2510_/B1 (sky130_fd_sc_hd__a22o_2)
     6    0.03    0.10    0.28    3.17 v _2510_/X (sky130_fd_sc_hd__a22o_2)
                                         _0940_ (net)
                  0.10    0.00    3.17 v _2511_/A (sky130_fd_sc_hd__buf_1)
    10    0.05    0.28    0.31    3.47 v _2511_/X (sky130_fd_sc_hd__buf_1)
                                         _0941_ (net)
                  0.28    0.00    3.47 v _2875_/S (sky130_fd_sc_hd__mux2_2)
     4    0.01    0.08    0.40    3.88 v _2875_/X (sky130_fd_sc_hd__mux2_2)
                                         _1232_ (net)
                  0.08    0.00    3.88 v _2879_/A1 (sky130_fd_sc_hd__a21o_2)
     2    0.00    0.04    0.20    4.07 v _2879_/X (sky130_fd_sc_hd__a21o_2)
                                         _1236_ (net)
                  0.04    0.00    4.07 v _2885_/B (sky130_fd_sc_hd__or4_2)
     2    0.01    0.12    0.67    4.75 v _2885_/X (sky130_fd_sc_hd__or4_2)
                                         _1242_ (net)
                  0.12    0.00    4.75 v _2907_/A1 (sky130_fd_sc_hd__o211a_2)
     2    0.01    0.05    0.30    5.05 v _2907_/X (sky130_fd_sc_hd__o211a_2)
                                         _1264_ (net)
                  0.05    0.00    5.05 v _3047_/A1 (sky130_fd_sc_hd__o221a_2)
     2    0.01    0.07    0.32    5.36 v _3047_/X (sky130_fd_sc_hd__o221a_2)
                                         _1404_ (net)
                  0.07    0.00    5.36 v _3048_/B1 (sky130_fd_sc_hd__a31o_2)
     1    0.00    0.04    0.21    5.58 v _3048_/X (sky130_fd_sc_hd__a31o_2)
                                         _1405_ (net)
                  0.04    0.00    5.58 v _3066_/A2 (sky130_fd_sc_hd__o211a_2)
     1    0.01    0.05    0.24    5.82 v _3066_/X (sky130_fd_sc_hd__o211a_2)
                                         _1423_ (net)
                  0.05    0.00    5.82 v _3068_/B1 (sky130_fd_sc_hd__o22ai_2)
     1    0.00    0.10    0.10    5.91 ^ _3068_/Y (sky130_fd_sc_hd__o22ai_2)
                                         _0345_ (net)
                  0.10    0.00    5.91 ^ _3577_/D (sky130_fd_sc_hd__dfrtp_2)
                                  5.91   data arrival time

                  0.15   20.00   20.00   clock clk (rise edge)
                          0.00   20.00   clock network delay (ideal)
                         -0.25   19.75   clock uncertainty
                          0.00   19.75   clock reconvergence pessimism
                                 19.75 ^ _3577_/CLK (sky130_fd_sc_hd__dfrtp_2)
                         -0.06   19.69   library setup time
                                 19.69   data required time
-----------------------------------------------------------------------------
                                 19.69   data required time
                                 -5.91   data arrival time
-----------------------------------------------------------------------------
                                 13.78   slack (MET)




===========================================================================
report_checks --slack_max -0.01
============================================================================
======================= Typical Corner ===================================

No paths found.


===========================================================================
 report_check_types -max_slew -max_cap -max_fanout -violators
============================================================================
======================= Typical Corner ===================================

max slew

Pin                                    Limit    Slew   Slack
------------------------------------------------------------
_2295_/B1                               0.50    0.72   -0.22 (VIOLATED)
_2267_/B1                               0.50    0.72   -0.22 (VIOLATED)
_2241_/B1                               0.50    0.72   -0.22 (VIOLATED)
_2232_/A2                               0.50    0.72   -0.22 (VIOLATED)
_2313_/A2                               0.50    0.72   -0.22 (VIOLATED)
_2328_/B1                               0.50    0.72   -0.22 (VIOLATED)
_2350_/B1                               0.50    0.72   -0.22 (VIOLATED)
_2256_/B1                               0.50    0.72   -0.22 (VIOLATED)
_2283_/A2                               0.50    0.72   -0.22 (VIOLATED)
_2225_/X                                0.50    0.72   -0.22 (VIOLATED)
_2385_/A2                               0.50    0.72   -0.22 (VIOLATED)
_1696_/S                                0.50    0.71   -0.21 (VIOLATED)
_1692_/S                                0.50    0.71   -0.21 (VIOLATED)
_1688_/S                                0.50    0.71   -0.21 (VIOLATED)
_1686_/S                                0.50    0.71   -0.21 (VIOLATED)
_1700_/S                                0.50    0.71   -0.21 (VIOLATED)
_1690_/S                                0.50    0.71   -0.21 (VIOLATED)
_1702_/S                                0.50    0.71   -0.21 (VIOLATED)
_1694_/S                                0.50    0.71   -0.21 (VIOLATED)
_1698_/S                                0.50    0.71   -0.21 (VIOLATED)
_1685_/X                                0.50    0.71   -0.21 (VIOLATED)
_1704_/S                                0.50    0.71   -0.21 (VIOLATED)
_1966_/S                                0.50    0.71   -0.21 (VIOLATED)
_1970_/S                                0.50    0.71   -0.21 (VIOLATED)
_1968_/S                                0.50    0.71   -0.21 (VIOLATED)
_1974_/S                                0.50    0.71   -0.21 (VIOLATED)
_1978_/S                                0.50    0.71   -0.21 (VIOLATED)
_1972_/S                                0.50    0.71   -0.21 (VIOLATED)
_1964_/S                                0.50    0.71   -0.21 (VIOLATED)
_1976_/S                                0.50    0.71   -0.21 (VIOLATED)
_1980_/S                                0.50    0.71   -0.21 (VIOLATED)
_1963_/X                                0.50    0.71   -0.21 (VIOLATED)
_1982_/S                                0.50    0.71   -0.21 (VIOLATED)
_1797_/S                                0.50    0.70   -0.20 (VIOLATED)
_1799_/S                                0.50    0.70   -0.20 (VIOLATED)
_1803_/S                                0.50    0.70   -0.20 (VIOLATED)
_1807_/S                                0.50    0.70   -0.20 (VIOLATED)
_1795_/S                                0.50    0.70   -0.20 (VIOLATED)
_1793_/S                                0.50    0.70   -0.20 (VIOLATED)
_1811_/S                                0.50    0.70   -0.20 (VIOLATED)
_1801_/S                                0.50    0.70   -0.20 (VIOLATED)
_1805_/S                                0.50    0.70   -0.20 (VIOLATED)
_1792_/X                                0.50    0.70   -0.20 (VIOLATED)
_1809_/S                                0.50    0.70   -0.20 (VIOLATED)
_1906_/S                                0.50    0.70   -0.20 (VIOLATED)
_1898_/S                                0.50    0.70   -0.20 (VIOLATED)
_1902_/S                                0.50    0.70   -0.20 (VIOLATED)
_1900_/S                                0.50    0.70   -0.20 (VIOLATED)
_1904_/S                                0.50    0.70   -0.20 (VIOLATED)
_1896_/S                                0.50    0.70   -0.20 (VIOLATED)
_1910_/S                                0.50    0.70   -0.20 (VIOLATED)
_1908_/S                                0.50    0.70   -0.20 (VIOLATED)
_1895_/X                                0.50    0.70   -0.20 (VIOLATED)
_1912_/S                                0.50    0.70   -0.20 (VIOLATED)
_1914_/S                                0.50    0.70   -0.20 (VIOLATED)
_2070_/S                                0.50    0.70   -0.20 (VIOLATED)
_2072_/S                                0.50    0.70   -0.20 (VIOLATED)
_2068_/S                                0.50    0.70   -0.20 (VIOLATED)
_2082_/S                                0.50    0.70   -0.20 (VIOLATED)
_2076_/S                                0.50    0.70   -0.20 (VIOLATED)
_2080_/S                                0.50    0.70   -0.20 (VIOLATED)
_2066_/S                                0.50    0.70   -0.20 (VIOLATED)
_2078_/S                                0.50    0.70   -0.20 (VIOLATED)
_2074_/S                                0.50    0.70   -0.20 (VIOLATED)
_2084_/S                                0.50    0.70   -0.20 (VIOLATED)
_2065_/X                                0.50    0.70   -0.20 (VIOLATED)
_2469_/A                                0.50    0.70   -0.20 (VIOLATED)
_2488_/A                                0.50    0.70   -0.20 (VIOLATED)
_2719_/A                                0.50    0.70   -0.20 (VIOLATED)
_2729_/A                                0.50    0.70   -0.20 (VIOLATED)
_2468_/X                                0.50    0.70   -0.20 (VIOLATED)
_2481_/B                                0.50    0.70   -0.20 (VIOLATED)
_2482_/A1                               0.50    0.70   -0.20 (VIOLATED)
_2492_/A2                               0.50    0.70   -0.20 (VIOLATED)
_2493_/C                                0.50    0.70   -0.20 (VIOLATED)
_2737_/A2                               0.50    0.70   -0.20 (VIOLATED)
_3204_/B                                0.50    0.70   -0.20 (VIOLATED)
_2238_/A2                               0.50    0.69   -0.19 (VIOLATED)
_2295_/A2                               0.50    0.69   -0.19 (VIOLATED)
_2280_/B1                               0.50    0.69   -0.19 (VIOLATED)
_2355_/A2                               0.50    0.69   -0.19 (VIOLATED)
_2332_/A2                               0.50    0.69   -0.19 (VIOLATED)
_2375_/B1                               0.50    0.69   -0.19 (VIOLATED)
_2223_/A2                               0.50    0.69   -0.19 (VIOLATED)
_2318_/A2                               0.50    0.69   -0.19 (VIOLATED)
_2415_/A2                               0.50    0.69   -0.19 (VIOLATED)
_2306_/A2                               0.50    0.69   -0.19 (VIOLATED)
_2217_/X                                0.50    0.69   -0.19 (VIOLATED)
_2298_/A2                               0.50    0.68   -0.18 (VIOLATED)
_2284_/B1                               0.50    0.68   -0.18 (VIOLATED)
_2274_/A2                               0.50    0.68   -0.18 (VIOLATED)
_2320_/A2                               0.50    0.68   -0.18 (VIOLATED)
_2331_/B1                               0.50    0.68   -0.18 (VIOLATED)
_2390_/B1                               0.50    0.68   -0.18 (VIOLATED)
_2349_/A2                               0.50    0.68   -0.18 (VIOLATED)
_2379_/A2                               0.50    0.68   -0.18 (VIOLATED)
_2342_/B1                               0.50    0.68   -0.18 (VIOLATED)
_2272_/X                                0.50    0.68   -0.18 (VIOLATED)
_2396_/B1                               0.50    0.68   -0.18 (VIOLATED)
_2684_/S                                0.50    0.67   -0.17 (VIOLATED)
_2690_/S                                0.50    0.67   -0.17 (VIOLATED)
_2686_/S                                0.50    0.67   -0.17 (VIOLATED)
_2694_/S                                0.50    0.67   -0.17 (VIOLATED)
_2688_/S                                0.50    0.67   -0.17 (VIOLATED)
_2698_/S                                0.50    0.67   -0.17 (VIOLATED)
_2700_/S                                0.50    0.67   -0.17 (VIOLATED)
_2692_/S                                0.50    0.67   -0.17 (VIOLATED)
_2696_/S                                0.50    0.67   -0.17 (VIOLATED)
_2683_/X                                0.50    0.67   -0.17 (VIOLATED)
_2702_/S                                0.50    0.67   -0.17 (VIOLATED)
_1761_/S                                0.50    0.66   -0.16 (VIOLATED)
_1765_/S                                0.50    0.66   -0.16 (VIOLATED)
_1769_/S                                0.50    0.66   -0.16 (VIOLATED)
_1763_/S                                0.50    0.66   -0.16 (VIOLATED)
_1767_/S                                0.50    0.66   -0.16 (VIOLATED)
_1773_/S                                0.50    0.66   -0.16 (VIOLATED)
_1771_/S                                0.50    0.66   -0.16 (VIOLATED)
_1777_/S                                0.50    0.66   -0.16 (VIOLATED)
_1775_/S                                0.50    0.66   -0.16 (VIOLATED)
_1759_/S                                0.50    0.66   -0.16 (VIOLATED)
_1758_/X                                0.50    0.66   -0.16 (VIOLATED)
_2106_/S                                0.50    0.66   -0.16 (VIOLATED)
_2104_/S                                0.50    0.66   -0.16 (VIOLATED)
_2102_/S                                0.50    0.66   -0.16 (VIOLATED)
_2100_/S                                0.50    0.66   -0.16 (VIOLATED)
_2116_/S                                0.50    0.66   -0.16 (VIOLATED)
_2112_/S                                0.50    0.66   -0.16 (VIOLATED)
_2110_/S                                0.50    0.66   -0.16 (VIOLATED)
_2108_/S                                0.50    0.66   -0.16 (VIOLATED)
_2114_/S                                0.50    0.66   -0.16 (VIOLATED)
_2118_/S                                0.50    0.66   -0.16 (VIOLATED)
_2099_/X                                0.50    0.66   -0.16 (VIOLATED)
_3214_/A1                               0.50    0.65   -0.15 (VIOLATED)
_2840_/B                                0.50    0.65   -0.15 (VIOLATED)
_2870_/A2                               0.50    0.65   -0.15 (VIOLATED)
_2869_/A2                               0.50    0.65   -0.15 (VIOLATED)
_2878_/B                                0.50    0.65   -0.15 (VIOLATED)
_2904_/A2                               0.50    0.65   -0.15 (VIOLATED)
_2905_/A2                               0.50    0.65   -0.15 (VIOLATED)
_2980_/A1                               0.50    0.65   -0.15 (VIOLATED)
_2982_/A1                               0.50    0.65   -0.15 (VIOLATED)
_2952_/A                                0.50    0.65   -0.15 (VIOLATED)
_2839_/Y                                0.50    0.65   -0.15 (VIOLATED)
_2258_/A2                               0.50    0.65   -0.15 (VIOLATED)
_2266_/A2                               0.50    0.65   -0.15 (VIOLATED)
_2238_/B1                               0.50    0.65   -0.15 (VIOLATED)
_2297_/B1                               0.50    0.65   -0.15 (VIOLATED)
_2207_/A2                               0.50    0.65   -0.15 (VIOLATED)
_2281_/A2                               0.50    0.65   -0.15 (VIOLATED)
_2350_/A2                               0.50    0.65   -0.15 (VIOLATED)
_2396_/A2                               0.50    0.65   -0.15 (VIOLATED)
_2363_/A2                               0.50    0.65   -0.15 (VIOLATED)
_2196_/X                                0.50    0.65   -0.15 (VIOLATED)
_2387_/A2                               0.50    0.65   -0.15 (VIOLATED)
_1726_/S                                0.50    0.65   -0.15 (VIOLATED)
_1728_/S                                0.50    0.65   -0.15 (VIOLATED)
_1724_/S                                0.50    0.65   -0.15 (VIOLATED)
_1732_/S                                0.50    0.65   -0.15 (VIOLATED)
_1730_/S                                0.50    0.65   -0.15 (VIOLATED)
_1722_/S                                0.50    0.65   -0.15 (VIOLATED)
_1734_/S                                0.50    0.65   -0.15 (VIOLATED)
_1736_/S                                0.50    0.65   -0.15 (VIOLATED)
_1738_/S                                0.50    0.65   -0.15 (VIOLATED)
_1721_/X                                0.50    0.65   -0.15 (VIOLATED)
_1740_/S                                0.50    0.65   -0.15 (VIOLATED)
_1932_/S                                0.50    0.64   -0.14 (VIOLATED)
_1940_/S                                0.50    0.64   -0.14 (VIOLATED)
_1942_/S                                0.50    0.64   -0.14 (VIOLATED)
_1944_/S                                0.50    0.64   -0.14 (VIOLATED)
_1930_/S                                0.50    0.64   -0.14 (VIOLATED)
_1936_/S                                0.50    0.64   -0.14 (VIOLATED)
_1934_/S                                0.50    0.64   -0.14 (VIOLATED)
_1938_/S                                0.50    0.64   -0.14 (VIOLATED)
_1946_/S                                0.50    0.64   -0.14 (VIOLATED)
_1929_/X                                0.50    0.64   -0.14 (VIOLATED)
_1948_/S                                0.50    0.64   -0.14 (VIOLATED)
_1867_/S                                0.50    0.64   -0.14 (VIOLATED)
_1863_/S                                0.50    0.64   -0.14 (VIOLATED)
_1871_/S                                0.50    0.64   -0.14 (VIOLATED)
_1865_/S                                0.50    0.64   -0.14 (VIOLATED)
_1869_/S                                0.50    0.64   -0.14 (VIOLATED)
_1861_/S                                0.50    0.64   -0.14 (VIOLATED)
_1875_/S                                0.50    0.64   -0.14 (VIOLATED)
_1877_/S                                0.50    0.64   -0.14 (VIOLATED)
_1873_/S                                0.50    0.64   -0.14 (VIOLATED)
_1860_/X                                0.50    0.64   -0.14 (VIOLATED)
_1879_/S                                0.50    0.64   -0.14 (VIOLATED)
_2038_/S                                0.50    0.64   -0.14 (VIOLATED)
_2036_/S                                0.50    0.64   -0.14 (VIOLATED)
_2034_/S                                0.50    0.64   -0.14 (VIOLATED)
_2050_/S                                0.50    0.64   -0.14 (VIOLATED)
_2048_/S                                0.50    0.64   -0.14 (VIOLATED)
_2046_/S                                0.50    0.64   -0.14 (VIOLATED)
_2042_/S                                0.50    0.64   -0.14 (VIOLATED)
_2032_/S                                0.50    0.64   -0.14 (VIOLATED)
_2040_/S                                0.50    0.64   -0.14 (VIOLATED)
_2044_/S                                0.50    0.64   -0.14 (VIOLATED)
_2031_/X                                0.50    0.64   -0.14 (VIOLATED)
_2140_/S                                0.50    0.64   -0.14 (VIOLATED)
_2136_/S                                0.50    0.64   -0.14 (VIOLATED)
_2138_/S                                0.50    0.64   -0.14 (VIOLATED)
_2144_/S                                0.50    0.64   -0.14 (VIOLATED)
_2134_/S                                0.50    0.64   -0.14 (VIOLATED)
_2142_/S                                0.50    0.64   -0.14 (VIOLATED)
_2148_/S                                0.50    0.64   -0.14 (VIOLATED)
_2146_/S                                0.50    0.64   -0.14 (VIOLATED)
_2150_/S                                0.50    0.64   -0.14 (VIOLATED)
_2133_/X                                0.50    0.64   -0.14 (VIOLATED)
_2152_/S                                0.50    0.64   -0.14 (VIOLATED)
_2247_/A2                               0.50    0.63   -0.13 (VIOLATED)
_2254_/B1                               0.50    0.63   -0.13 (VIOLATED)
_2294_/B1                               0.50    0.63   -0.13 (VIOLATED)
_2302_/B1                               0.50    0.63   -0.13 (VIOLATED)
_2353_/A2                               0.50    0.63   -0.13 (VIOLATED)
_2360_/B1                               0.50    0.63   -0.13 (VIOLATED)
_2408_/A2                               0.50    0.63   -0.13 (VIOLATED)
_2285_/B1                               0.50    0.63   -0.13 (VIOLATED)
_2245_/X                                0.50    0.63   -0.13 (VIOLATED)
_2326_/B1                               0.50    0.63   -0.13 (VIOLATED)
_2384_/B1                               0.50    0.63   -0.13 (VIOLATED)
_2000_/S                                0.50    0.63   -0.13 (VIOLATED)
_2008_/S                                0.50    0.63   -0.13 (VIOLATED)
_2002_/S                                0.50    0.63   -0.13 (VIOLATED)
_2006_/S                                0.50    0.63   -0.13 (VIOLATED)
_2012_/S                                0.50    0.63   -0.13 (VIOLATED)
_2010_/S                                0.50    0.63   -0.13 (VIOLATED)
_2004_/S                                0.50    0.63   -0.13 (VIOLATED)
_1998_/S                                0.50    0.63   -0.13 (VIOLATED)
_2016_/S                                0.50    0.63   -0.13 (VIOLATED)
_2014_/S                                0.50    0.63   -0.13 (VIOLATED)
_1997_/X                                0.50    0.63   -0.13 (VIOLATED)
_2206_/A2                               0.50    0.63   -0.13 (VIOLATED)
_2244_/B1                               0.50    0.63   -0.13 (VIOLATED)
_2271_/B1                               0.50    0.63   -0.13 (VIOLATED)
_2292_/A2                               0.50    0.63   -0.13 (VIOLATED)
_2256_/A2                               0.50    0.63   -0.13 (VIOLATED)
_2279_/A2                               0.50    0.63   -0.13 (VIOLATED)
_2326_/A2                               0.50    0.63   -0.13 (VIOLATED)
_2361_/A2                               0.50    0.63   -0.13 (VIOLATED)
_2356_/B1                               0.50    0.63   -0.13 (VIOLATED)
_2374_/B1                               0.50    0.63   -0.13 (VIOLATED)
_2203_/X                                0.50    0.63   -0.13 (VIOLATED)
_1839_/S                                0.50    0.62   -0.12 (VIOLATED)
_1837_/S                                0.50    0.62   -0.12 (VIOLATED)
_1831_/S                                0.50    0.62   -0.12 (VIOLATED)
_1829_/S                                0.50    0.62   -0.12 (VIOLATED)
_1827_/S                                0.50    0.62   -0.12 (VIOLATED)
_1833_/S                                0.50    0.62   -0.12 (VIOLATED)
_1835_/S                                0.50    0.62   -0.12 (VIOLATED)
_1841_/S                                0.50    0.62   -0.12 (VIOLATED)
_1843_/S                                0.50    0.62   -0.12 (VIOLATED)
_1845_/S                                0.50    0.62   -0.12 (VIOLATED)
_1826_/X                                0.50    0.62   -0.12 (VIOLATED)
_2237_/B1                               0.50    0.61   -0.11 (VIOLATED)
_2207_/B1                               0.50    0.61   -0.11 (VIOLATED)
_2352_/A2                               0.50    0.61   -0.11 (VIOLATED)
_2304_/B1                               0.50    0.61   -0.11 (VIOLATED)
_2266_/B1                               0.50    0.61   -0.11 (VIOLATED)
_2258_/B1                               0.50    0.61   -0.11 (VIOLATED)
_2291_/B1                               0.50    0.61   -0.11 (VIOLATED)
_2325_/A2                               0.50    0.61   -0.11 (VIOLATED)
_2200_/X                                0.50    0.61   -0.11 (VIOLATED)
_2372_/A2                               0.50    0.61   -0.11 (VIOLATED)
_2385_/B1                               0.50    0.61   -0.11 (VIOLATED)
_2793_/S                                0.50    0.61   -0.11 (VIOLATED)
_2790_/S                                0.50    0.61   -0.11 (VIOLATED)
_2785_/S                                0.50    0.61   -0.11 (VIOLATED)
_2781_/S                                0.50    0.61   -0.11 (VIOLATED)
_2776_/S                                0.50    0.61   -0.11 (VIOLATED)
_2771_/S                                0.50    0.61   -0.11 (VIOLATED)
_2766_/S                                0.50    0.61   -0.11 (VIOLATED)
_2761_/S                                0.50    0.61   -0.11 (VIOLATED)
_2650_/X                                0.50    0.61   -0.11 (VIOLATED)
_2651_/S                                0.50    0.61   -0.11 (VIOLATED)
_3072_/S                                0.50    0.61   -0.11 (VIOLATED)
_2413_/B1                               0.50    0.61   -0.11 (VIOLATED)
_2367_/A2                               0.50    0.61   -0.11 (VIOLATED)
_2401_/B1                               0.50    0.61   -0.11 (VIOLATED)
_2387_/B1                               0.50    0.61   -0.11 (VIOLATED)
_2349_/B1                               0.50    0.61   -0.11 (VIOLATED)
_2301_/B1                               0.50    0.61   -0.11 (VIOLATED)
_2330_/B1                               0.50    0.61   -0.11 (VIOLATED)
_2286_/A2                               0.50    0.61   -0.11 (VIOLATED)
_2215_/B1                               0.50    0.61   -0.11 (VIOLATED)
_2211_/X                                0.50    0.61   -0.11 (VIOLATED)
_2292_/B1                               0.50    0.61   -0.11 (VIOLATED)
_2512_/A                                0.50    0.60   -0.10 (VIOLATED)
_2543_/S                                0.50    0.60   -0.10 (VIOLATED)
_2546_/S                                0.50    0.60   -0.10 (VIOLATED)
_2549_/S                                0.50    0.60   -0.10 (VIOLATED)
_2899_/S                                0.50    0.60   -0.10 (VIOLATED)
_3008_/S                                0.50    0.60   -0.10 (VIOLATED)
_3000_/S                                0.50    0.60   -0.10 (VIOLATED)
_2881_/S                                0.50    0.60   -0.10 (VIOLATED)
_2875_/S                                0.50    0.60   -0.10 (VIOLATED)
_2511_/X                                0.50    0.60   -0.10 (VIOLATED)
_2883_/S                                0.50    0.60   -0.10 (VIOLATED)
_3204_/A                                0.50    0.60   -0.10 (VIOLATED)
_3205_/A1                               0.50    0.60   -0.10 (VIOLATED)
_3179_/A                                0.50    0.60   -0.10 (VIOLATED)
_3180_/A1                               0.50    0.60   -0.10 (VIOLATED)
_2522_/S                                0.50    0.60   -0.10 (VIOLATED)
_2443_/X                                0.50    0.60   -0.10 (VIOLATED)
_2444_/S                                0.50    0.60   -0.10 (VIOLATED)
_2516_/S                                0.50    0.60   -0.10 (VIOLATED)
_2519_/S                                0.50    0.60   -0.10 (VIOLATED)
_2672_/A2                               0.50    0.60   -0.10 (VIOLATED)
_3109_/A                                0.50    0.60   -0.10 (VIOLATED)
_1638_/S                                0.50    0.60   -0.10 (VIOLATED)
_1644_/S                                0.50    0.60   -0.10 (VIOLATED)
_1641_/S                                0.50    0.60   -0.10 (VIOLATED)
_1650_/S                                0.50    0.60   -0.10 (VIOLATED)
_1635_/S                                0.50    0.60   -0.10 (VIOLATED)
_1647_/S                                0.50    0.60   -0.10 (VIOLATED)
_1656_/S                                0.50    0.60   -0.10 (VIOLATED)
_1653_/S                                0.50    0.60   -0.10 (VIOLATED)
_1659_/S                                0.50    0.60   -0.10 (VIOLATED)
_1662_/S                                0.50    0.60   -0.10 (VIOLATED)
_1634_/X                                0.50    0.60   -0.10 (VIOLATED)
_2246_/B1                               0.50    0.60   -0.10 (VIOLATED)
_2293_/A2                               0.50    0.60   -0.10 (VIOLATED)
_2223_/B1                               0.50    0.60   -0.10 (VIOLATED)
_2279_/B1                               0.50    0.60   -0.10 (VIOLATED)
_2325_/B1                               0.50    0.60   -0.10 (VIOLATED)
_2344_/A2                               0.50    0.60   -0.10 (VIOLATED)
_2355_/B1                               0.50    0.60   -0.10 (VIOLATED)
_2372_/B1                               0.50    0.60   -0.10 (VIOLATED)
_2409_/B1                               0.50    0.60   -0.10 (VIOLATED)
_2219_/X                                0.50    0.60   -0.10 (VIOLATED)
_2384_/A2                               0.50    0.60   -0.10 (VIOLATED)
_2353_/B1                               0.50    0.60   -0.10 (VIOLATED)
_2389_/B1                               0.50    0.60   -0.10 (VIOLATED)
_2365_/B1                               0.50    0.60   -0.10 (VIOLATED)
_2408_/B1                               0.50    0.60   -0.10 (VIOLATED)
_2403_/A2                               0.50    0.60   -0.10 (VIOLATED)
_2377_/B1                               0.50    0.60   -0.10 (VIOLATED)
_2318_/B1                               0.50    0.60   -0.10 (VIOLATED)
_2229_/B1                               0.50    0.60   -0.10 (VIOLATED)
_2228_/X                                0.50    0.60   -0.10 (VIOLATED)
_2281_/B1                               0.50    0.60   -0.10 (VIOLATED)
_2293_/B1                               0.50    0.60   -0.10 (VIOLATED)
_3116_/S                                0.50    0.59   -0.09 (VIOLATED)
_3119_/S                                0.50    0.59   -0.09 (VIOLATED)
_3122_/S                                0.50    0.59   -0.09 (VIOLATED)
_3125_/S                                0.50    0.59   -0.09 (VIOLATED)
_3128_/S                                0.50    0.59   -0.09 (VIOLATED)
_3131_/S                                0.50    0.59   -0.09 (VIOLATED)
_3134_/S                                0.50    0.59   -0.09 (VIOLATED)
_3137_/S                                0.50    0.59   -0.09 (VIOLATED)
_3106_/X                                0.50    0.59   -0.09 (VIOLATED)
_3107_/S                                0.50    0.59   -0.09 (VIOLATED)
_3111_/S                                0.50    0.59   -0.09 (VIOLATED)
_2254_/A2                               0.50    0.59   -0.09 (VIOLATED)
_2282_/A2                               0.50    0.59   -0.09 (VIOLATED)
_2314_/A2                               0.50    0.59   -0.09 (VIOLATED)
_2302_/A2                               0.50    0.59   -0.09 (VIOLATED)
_2338_/A2                               0.50    0.59   -0.09 (VIOLATED)
_2271_/A2                               0.50    0.59   -0.09 (VIOLATED)
_2330_/A2                               0.50    0.59   -0.09 (VIOLATED)
_2351_/A2                               0.50    0.59   -0.09 (VIOLATED)
_2363_/B1                               0.50    0.59   -0.09 (VIOLATED)
_2411_/A2                               0.50    0.59   -0.09 (VIOLATED)
_2252_/X                                0.50    0.59   -0.09 (VIOLATED)
_2237_/A2                               0.50    0.58   -0.08 (VIOLATED)
_2206_/B1                               0.50    0.58   -0.08 (VIOLATED)
_2284_/A2                               0.50    0.58   -0.08 (VIOLATED)
_2294_/A2                               0.50    0.58   -0.08 (VIOLATED)
_2313_/B1                               0.50    0.58   -0.08 (VIOLATED)
_2338_/B1                               0.50    0.58   -0.08 (VIOLATED)
_2354_/B1                               0.50    0.58   -0.08 (VIOLATED)
_2361_/B1                               0.50    0.58   -0.08 (VIOLATED)
_2397_/B1                               0.50    0.58   -0.08 (VIOLATED)
_2205_/X                                0.50    0.58   -0.08 (VIOLATED)
_2373_/B1                               0.50    0.58   -0.08 (VIOLATED)
_2298_/D1                               0.50    0.58   -0.08 (VIOLATED)
_2247_/C1                               0.50    0.58   -0.08 (VIOLATED)
_2286_/D1                               0.50    0.58   -0.08 (VIOLATED)
_2232_/C1                               0.50    0.58   -0.08 (VIOLATED)
_2261_/C1                               0.50    0.58   -0.08 (VIOLATED)
_2274_/C1                               0.50    0.58   -0.08 (VIOLATED)
_2308_/C1                               0.50    0.58   -0.08 (VIOLATED)
_2320_/C1                               0.50    0.58   -0.08 (VIOLATED)
_2231_/X                                0.50    0.58   -0.08 (VIOLATED)
_2344_/C1                               0.50    0.58   -0.08 (VIOLATED)
_2352_/D1                               0.50    0.58   -0.08 (VIOLATED)
_2532_/S                                0.50    0.57   -0.07 (VIOLATED)
_2535_/S                                0.50    0.57   -0.07 (VIOLATED)
_2538_/S                                0.50    0.57   -0.07 (VIOLATED)
_2541_/S                                0.50    0.57   -0.07 (VIOLATED)
_2544_/S                                0.50    0.57   -0.07 (VIOLATED)
_2547_/S                                0.50    0.57   -0.07 (VIOLATED)
_2550_/S                                0.50    0.57   -0.07 (VIOLATED)
_2526_/S                                0.50    0.57   -0.07 (VIOLATED)
_2529_/S                                0.50    0.57   -0.07 (VIOLATED)
_2525_/X                                0.50    0.57   -0.07 (VIOLATED)
_2616_/S                                0.50    0.57   -0.07 (VIOLATED)
_3212_/S                                0.50    0.57   -0.07 (VIOLATED)
_3214_/S                                0.50    0.57   -0.07 (VIOLATED)
_3210_/S                                0.50    0.57   -0.07 (VIOLATED)
_3208_/S                                0.50    0.57   -0.07 (VIOLATED)
_3206_/S                                0.50    0.57   -0.07 (VIOLATED)
_3202_/S                                0.50    0.57   -0.07 (VIOLATED)
_1626_/X                                0.50    0.57   -0.07 (VIOLATED)
_1627_/C                                0.50    0.57   -0.07 (VIOLATED)
_2513_/A                                0.50    0.57   -0.07 (VIOLATED)
_2525_/A                                0.50    0.57   -0.07 (VIOLATED)
_2613_/A                                0.50    0.57   -0.07 (VIOLATED)
_2612_/A                                0.50    0.55   -0.05 (VIOLATED)
_2643_/S                                0.50    0.55   -0.05 (VIOLATED)
_2646_/S                                0.50    0.55   -0.05 (VIOLATED)
_2855_/S                                0.50    0.55   -0.05 (VIOLATED)
_2970_/S                                0.50    0.55   -0.05 (VIOLATED)
_2852_/S                                0.50    0.55   -0.05 (VIOLATED)
_2649_/S                                0.50    0.55   -0.05 (VIOLATED)
_2859_/S                                0.50    0.55   -0.05 (VIOLATED)
_2850_/S                                0.50    0.55   -0.05 (VIOLATED)
_2611_/X                                0.50    0.55   -0.05 (VIOLATED)
_2846_/S                                0.50    0.55   -0.05 (VIOLATED)
_2629_/S                                0.50    0.54   -0.04 (VIOLATED)
_2632_/S                                0.50    0.54   -0.04 (VIOLATED)
_2635_/S                                0.50    0.54   -0.04 (VIOLATED)
_2638_/S                                0.50    0.54   -0.04 (VIOLATED)
_2626_/S                                0.50    0.54   -0.04 (VIOLATED)
_2623_/S                                0.50    0.54   -0.04 (VIOLATED)
_2620_/S                                0.50    0.54   -0.04 (VIOLATED)
_2619_/X                                0.50    0.54   -0.04 (VIOLATED)
_2641_/S                                0.50    0.54   -0.04 (VIOLATED)
_2644_/S                                0.50    0.54   -0.04 (VIOLATED)
_2647_/S                                0.50    0.54   -0.04 (VIOLATED)
_2267_/A2                               0.50    0.54   -0.04 (VIOLATED)
_2241_/A2                               0.50    0.54   -0.04 (VIOLATED)
_2296_/B1                               0.50    0.54   -0.04 (VIOLATED)
_2253_/B1                               0.50    0.54   -0.04 (VIOLATED)
_2282_/B1                               0.50    0.54   -0.04 (VIOLATED)
_2314_/B1                               0.50    0.54   -0.04 (VIOLATED)
_2337_/B1                               0.50    0.54   -0.04 (VIOLATED)
_2354_/A2                               0.50    0.54   -0.04 (VIOLATED)
_2373_/A2                               0.50    0.54   -0.04 (VIOLATED)
_2239_/X                                0.50    0.54   -0.04 (VIOLATED)
_2409_/A2                               0.50    0.54   -0.04 (VIOLATED)
_3216_/S                                0.50    0.54   -0.04 (VIOLATED)
_3218_/S                                0.50    0.54   -0.04 (VIOLATED)
_3220_/S                                0.50    0.54   -0.04 (VIOLATED)
_3222_/S                                0.50    0.54   -0.04 (VIOLATED)
_3224_/S                                0.50    0.54   -0.04 (VIOLATED)
_3226_/S                                0.50    0.54   -0.04 (VIOLATED)
_3160_/X                                0.50    0.54   -0.04 (VIOLATED)
_3161_/B                                0.50    0.54   -0.04 (VIOLATED)
_3162_/A2                               0.50    0.54   -0.04 (VIOLATED)
_3228_/S                                0.50    0.54   -0.04 (VIOLATED)
_3230_/S                                0.50    0.54   -0.04 (VIOLATED)
_3084_/S                                0.50    0.54   -0.04 (VIOLATED)
_3087_/S                                0.50    0.54   -0.04 (VIOLATED)
_3070_/B2                               0.50    0.54   -0.04 (VIOLATED)
_3071_/S                                0.50    0.54   -0.04 (VIOLATED)
_3081_/S                                0.50    0.54   -0.04 (VIOLATED)
_3078_/S                                0.50    0.54   -0.04 (VIOLATED)
_3090_/S                                0.50    0.54   -0.04 (VIOLATED)
_3074_/S                                0.50    0.54   -0.04 (VIOLATED)
_3093_/S                                0.50    0.54   -0.04 (VIOLATED)
_3069_/X                                0.50    0.54   -0.04 (VIOLATED)
_3096_/S                                0.50    0.54   -0.04 (VIOLATED)
_2631_/S                                0.50    0.54   -0.04 (VIOLATED)
_2628_/S                                0.50    0.54   -0.04 (VIOLATED)
_2625_/S                                0.50    0.54   -0.04 (VIOLATED)
_2634_/S                                0.50    0.54   -0.04 (VIOLATED)
_2622_/S                                0.50    0.54   -0.04 (VIOLATED)
_2637_/S                                0.50    0.54   -0.04 (VIOLATED)
_2640_/S                                0.50    0.54   -0.04 (VIOLATED)
_2612_/X                                0.50    0.54   -0.04 (VIOLATED)
_2614_/B1                               0.50    0.54   -0.04 (VIOLATED)
_2615_/S                                0.50    0.54   -0.04 (VIOLATED)
_2618_/S                                0.50    0.54   -0.04 (VIOLATED)
_2531_/S                                0.50    0.53   -0.03 (VIOLATED)
_2534_/S                                0.50    0.53   -0.03 (VIOLATED)
_2537_/S                                0.50    0.53   -0.03 (VIOLATED)
_2528_/S                                0.50    0.53   -0.03 (VIOLATED)
_2524_/S                                0.50    0.53   -0.03 (VIOLATED)
_2540_/S                                0.50    0.53   -0.03 (VIOLATED)
_2521_/S                                0.50    0.53   -0.03 (VIOLATED)
_2518_/S                                0.50    0.53   -0.03 (VIOLATED)
_2515_/S                                0.50    0.53   -0.03 (VIOLATED)
_2512_/X                                0.50    0.53   -0.03 (VIOLATED)
_2514_/B1                               0.50    0.53   -0.03 (VIOLATED)
_2457_/B                                0.50    0.53   -0.03 (VIOLATED)
_2503_/A1                               0.50    0.53   -0.03 (VIOLATED)
_2505_/A                                0.50    0.53   -0.03 (VIOLATED)
_2447_/X                                0.50    0.53   -0.03 (VIOLATED)
_2498_/A                                0.50    0.53   -0.03 (VIOLATED)
_2741_/A                                0.50    0.53   -0.03 (VIOLATED)
_2744_/B                                0.50    0.53   -0.03 (VIOLATED)
_2745_/A1                               0.50    0.53   -0.03 (VIOLATED)
_2785_/A0                               0.50    0.53   -0.03 (VIOLATED)
_2234_/A2                               0.50    0.53   -0.03 (VIOLATED)
_2276_/A2                               0.50    0.53   -0.03 (VIOLATED)
_2249_/A2                               0.50    0.53   -0.03 (VIOLATED)
_2263_/A2                               0.50    0.53   -0.03 (VIOLATED)
_2290_/B                                0.50    0.53   -0.03 (VIOLATED)
_2288_/A2                               0.50    0.53   -0.03 (VIOLATED)
_2322_/A2                               0.50    0.53   -0.03 (VIOLATED)
_2310_/A2                               0.50    0.53   -0.03 (VIOLATED)
_2194_/X                                0.50    0.53   -0.03 (VIOLATED)
_2334_/A2                               0.50    0.53   -0.03 (VIOLATED)
_2358_/A2                               0.50    0.53   -0.03 (VIOLATED)
_3082_/S                                0.50    0.52   -0.02 (VIOLATED)
_3085_/S                                0.50    0.52   -0.02 (VIOLATED)
_3088_/S                                0.50    0.52   -0.02 (VIOLATED)
_3091_/S                                0.50    0.52   -0.02 (VIOLATED)
_3079_/S                                0.50    0.52   -0.02 (VIOLATED)
_3076_/S                                0.50    0.52   -0.02 (VIOLATED)
_3094_/S                                0.50    0.52   -0.02 (VIOLATED)
_3097_/S                                0.50    0.52   -0.02 (VIOLATED)
_3075_/X                                0.50    0.52   -0.02 (VIOLATED)
_3100_/S                                0.50    0.52   -0.02 (VIOLATED)
_3103_/S                                0.50    0.52   -0.02 (VIOLATED)
_2269_/B1                               0.50    0.52   -0.02 (VIOLATED)
_2261_/A2                               0.50    0.52   -0.02 (VIOLATED)
_2291_/A2                               0.50    0.52   -0.02 (VIOLATED)
_2285_/A2                               0.50    0.52   -0.02 (VIOLATED)
_2316_/B1                               0.50    0.52   -0.02 (VIOLATED)
_2306_/B1                               0.50    0.52   -0.02 (VIOLATED)
_2342_/A2                               0.50    0.52   -0.02 (VIOLATED)
_2259_/X                                0.50    0.52   -0.02 (VIOLATED)
_2351_/B1                               0.50    0.52   -0.02 (VIOLATED)
_2360_/A2                               0.50    0.52   -0.02 (VIOLATED)
_2391_/A2                               0.50    0.52   -0.02 (VIOLATED)
_3124_/S                                0.50    0.52   -0.02 (VIOLATED)
_3127_/S                                0.50    0.52   -0.02 (VIOLATED)
_3121_/S                                0.50    0.52   -0.02 (VIOLATED)
_3130_/S                                0.50    0.52   -0.02 (VIOLATED)
_3133_/S                                0.50    0.52   -0.02 (VIOLATED)
_3118_/S                                0.50    0.52   -0.02 (VIOLATED)
_3114_/B2                               0.50    0.52   -0.02 (VIOLATED)
_3115_/S                                0.50    0.52   -0.02 (VIOLATED)
_3136_/S                                0.50    0.52   -0.02 (VIOLATED)
_3113_/X                                0.50    0.52   -0.02 (VIOLATED)
_3139_/S                                0.50    0.52   -0.02 (VIOLATED)
_2244_/A2                               0.50    0.52   -0.02 (VIOLATED)
_2253_/A2                               0.50    0.52   -0.02 (VIOLATED)
_2297_/A2                               0.50    0.52   -0.02 (VIOLATED)
_2280_/A2                               0.50    0.52   -0.02 (VIOLATED)
_2301_/A2                               0.50    0.52   -0.02 (VIOLATED)
_2337_/A2                               0.50    0.52   -0.02 (VIOLATED)
_2356_/A2                               0.50    0.52   -0.02 (VIOLATED)
_2389_/A2                               0.50    0.52   -0.02 (VIOLATED)
_2397_/A2                               0.50    0.52   -0.02 (VIOLATED)
_2365_/A2                               0.50    0.52   -0.02 (VIOLATED)
_2242_/X                                0.50    0.52   -0.02 (VIOLATED)
_3212_/A1                               0.50    0.51   -0.01 (VIOLATED)
_2841_/A2                               0.50    0.51   -0.01 (VIOLATED)
_2869_/B1                               0.50    0.51   -0.01 (VIOLATED)
_2842_/A2                               0.50    0.51   -0.01 (VIOLATED)
_2874_/B                                0.50    0.51   -0.01 (VIOLATED)
_2905_/B2                               0.50    0.51   -0.01 (VIOLATED)
_2958_/A                                0.50    0.51   -0.01 (VIOLATED)
_2980_/C1                               0.50    0.51   -0.01 (VIOLATED)
_2837_/X                                0.50    0.51   -0.01 (VIOLATED)
_3166_/S                                0.50    0.51   -0.01 (VIOLATED)
_3168_/S                                0.50    0.51   -0.01 (VIOLATED)
_3172_/S                                0.50    0.51   -0.01 (VIOLATED)
_3170_/S                                0.50    0.51   -0.01 (VIOLATED)
_3150_/S                                0.50    0.51   -0.01 (VIOLATED)
_3174_/S                                0.50    0.51   -0.01 (VIOLATED)
_3177_/S                                0.50    0.51   -0.01 (VIOLATED)
_3140_/X                                0.50    0.51   -0.01 (VIOLATED)
_3141_/S                                0.50    0.51   -0.01 (VIOLATED)
_3144_/S                                0.50    0.51   -0.01 (VIOLATED)
_3147_/S                                0.50    0.51   -0.01 (VIOLATED)
_3194_/S                                0.50    0.51   -0.01 (VIOLATED)
_3198_/S                                0.50    0.51   -0.01 (VIOLATED)
_3196_/S                                0.50    0.51   -0.01 (VIOLATED)
_3182_/S                                0.50    0.51   -0.01 (VIOLATED)
_3192_/S                                0.50    0.51   -0.01 (VIOLATED)
_3200_/S                                0.50    0.51   -0.01 (VIOLATED)
_3186_/S                                0.50    0.51   -0.01 (VIOLATED)
_3184_/S                                0.50    0.51   -0.01 (VIOLATED)
_3190_/S                                0.50    0.51   -0.01 (VIOLATED)
_3188_/S                                0.50    0.51   -0.01 (VIOLATED)
_3181_/X                                0.50    0.51   -0.01 (VIOLATED)
_2250_/S                                0.50    0.51   -0.01 (VIOLATED)
_2277_/S                                0.50    0.51   -0.01 (VIOLATED)
_2264_/S                                0.50    0.51   -0.01 (VIOLATED)
_2299_/B1                               0.50    0.51   -0.01 (VIOLATED)
_2235_/S                                0.50    0.51   -0.01 (VIOLATED)
_2288_/B1                               0.50    0.51   -0.01 (VIOLATED)
_2323_/S                                0.50    0.51   -0.01 (VIOLATED)
_2188_/X                                0.50    0.51   -0.01 (VIOLATED)
_2189_/A4                               0.50    0.51   -0.01 (VIOLATED)
_2311_/S                                0.50    0.51   -0.01 (VIOLATED)
_2358_/B1                               0.50    0.51   -0.01 (VIOLATED)

max fanout

Pin                                   Limit Fanout  Slack
---------------------------------------------------------
rst_n                                    10    166   -156 (VIOLATED)


max slew violations count Typical: 590
max fanout violations count Typical: 1
max cap violations count Typical: 0

===========================================================================
report_parasitic_annotation -report_unannotated
============================================================================
Found 1 unannotated drivers.
 clk
Found 0 partially unannotated drivers.

===========================================================================
max slew violation count 590
max fanout violation count 1
max cap violation count 0
============================================================================

===========================================================================
check_setup -verbose -unconstrained_endpoints -multiple_clock -no_clock -no_input_delay -loops -generated_clocks
===========================================================================
